1781191289549:help
1781191297196:ab
1781191303533:bbi
1781191304917:bbid
1781191309619:bbid 25
1781191316346:exit
1781191937263:aa
1781192187456:help
1781192189878:ag
1781193153106:aa
1781193155776:exit
1781193225353:aa
1781193228293:exit
1781194831705:aa
1781194834206:help
1781194841084:exit
1781194982003:aa
1781194985262:exit
1781195320102:aa
1781256617039:ag
1781256624991:exit
1781256962705:abid
1781256965129:abid 1
1781256967480:abid 3
1781256968895:abid 4
1781256979082:stacktrace
1781257419291:abid
1781257421678:abid 3
1781257424257:abid 4
1781257711858:ag
1781257715698:gbids 1
1781257720630:gbids 1,2
1781257727406:gbids 1,22
1781257739291:gbids 22
1781263276230:ab
1781263298135:bdel 4
1781263300889:bdel 2
1781263302132:ab
1781263307962:bdel 1
1781263310507:bdel 3
1781263312073:bdel 1
1781263313248:ab
1781264093862:bdel 2
1781264095264:ab
1781264116878:bins newBook 1 1,6
1781264129705:stacktrace
1781264170452:bins newBook 1 1,6
1781264185907:ab
1781264216255:bins anotherBook 22 1,6
1781264227957:bins anotherBook 2 33
1781264234308:ab
1781264242269:bins anotherBook 2 2
1781264314417:bins newBook 1 1,6
1781264316659:ab
1781264348882:bdel 2
1781264355773:bins newBook 3 1,4
1781264357607:ab
1781264787110:bdel 2
1781264788162:ab
1781264796775:bins newBook 2 1,6
1781264798233:ab
1781264812337:bupd 4 editedBook 3 2,5
1781264824354:stacktrace
1781264829383:exit
1781265115863:ab
1781265118448:bdel 2
1781265124548:bins newBook 1 1,6
1781265125806:ab
1781265137311:bupd 4 editedBook 3 2,5
1781265190176:stacktrace
1781265289015:ab
1781265290518:bdel 2
1781265295746:bins newBOok 1 1,6
1781265296755:ab
1781265303275:bupd 4 editedBook 3 2,5
1781265305142:ab
1781265324558:bupd 44 editedBook 3 2,5
1781266008230:ab
1781266010582:exit
1781266397876:ab
1781266399522:bdel 2
1781266401765:ab
1781266406095:bins newBook 1 1,6
1781266407109:ab
1781266415121:bupd 4 editedBook 3 2,5
1781266416655:ab
1781266429412:bbid 4
1781266432050:bbid 2
1781266450186:bbid 3
1781266452313:bbid 1
1781266455078:bbid 2
1781266457253:stacktrace
1781267123781:ab
1781267126732:bdel 2
1781267127409:ab
1781267133519:bins newBook 1 1,6
1781267134290:ab
1781267141121:bupd 4 editedBook 2 2,5
1781267142411:ab
1781267150172:bbid 1
1781267152501:bbid 2
1781267157834:bbid 4
1781267159787:bbid 56
1781267274361:gbids 1
1781267277204:gbids 1,3
1781267280524:gbids 1,5,6
1781267284813:gbids 1,22
1781267286478:gbids 22
1781268293763:ab
1781268297770:bdel 2
1781268301208:gbid 2
1781268344602:gbids 2
1781268346836:gbids 2,42
1781268354165:bins newBook 1 1,6
1781268355036:ab
1781268362919:bupd 4 editedBook 2 2,5
1781268364018:ab
1781268369308:bbid 2
1781268371094:bbid 4
1781268376444:ag
1781268377689:aa
1781268386307:abid 2
1781268387642:abid 42
1781268389631:exit
